CompleteVaultLock
	Initialize stack step
		spanInitializeStart
		InterceptExecution
		Glacier:DefaultAccountID
		RegisterServiceMetadata
		legacyEndpointContextSetter
		SetLogger
		OperationInputValidation
		spanInitializeEnd
	Serialize stack step
		spanBuildRequestStart
		Glacier:APIVersion
		setOperationInput
		ResolveEndpoint
		InterceptBeforeSerialization
		OperationSerializer
		InterceptAfterSerialization
	Build stack step
		ClientRequestID
		ComputeContentLength
		SetCredentialSourceMiddleware
		UserAgent
		AddTimeOffsetMiddleware
		RecursionDetection
		spanBuildRequestEnd
	Finalize stack step
		Glacier:TreeHash
		spanRetryLoop
		InterceptBeforeRetryLoop
		Retry
		InterceptAttempt
		RetryMetricsHeader
		ResolveAuthScheme
		GetIdentity
		ResolveEndpointV2
		disableHTTPS
		ComputePayloadHash
		setLegacyContextSigningOptions
		InterceptBeforeSigning
		Signing
		InterceptAfterSigning
	Deserialize stack step
		AddRawResponseToMetadata
		ErrorCloseResponseBody
		CloseResponseBody
		ResponseErrorWrapper
		RequestIDRetriever
		InterceptAfterDeserialization
		OperationDeserializer
		InterceptBeforeDeserialization
		AddTimeOffsetMiddleware
		RecordResponseTiming
		RequestResponseLogger
		InterceptTransmit
