ListTagsForVault
	Initialize stack step
		spanInitializeStart
		Glacier:DefaultAccountID
		RegisterServiceMetadata
		legacyEndpointContextSetter
		SetLogger
		OperationInputValidation
		spanInitializeEnd
	Serialize stack step
		spanBuildRequestStart
		Glacier:APIVersion
		setOperationInput
		ResolveEndpoint
		OperationSerializer
	Build stack step
		ClientRequestID
		ComputeContentLength
		UserAgent
		AddTimeOffsetMiddleware
		RecursionDetection
		spanBuildRequestEnd
	Finalize stack step
		Glacier:TreeHash
		ResolveAuthScheme
		GetIdentity
		ResolveEndpointV2
		disableHTTPS
		ComputePayloadHash
		spanRetryLoop
		Retry
		RetryMetricsHeader
		setLegacyContextSigningOptions
		Signing
	Deserialize stack step
		AddRawResponseToMetadata
		ErrorCloseResponseBody
		CloseResponseBody
		ResponseErrorWrapper
		RequestIDRetriever
		OperationDeserializer
		AddTimeOffsetMiddleware
		RecordResponseTiming
		RequestResponseLogger
