GetBucket
	Initialize stack step
		spanInitializeStart
		InterceptExecution
		S3Shared:ARNLookup
		S3Control:BackfillInput
		RegisterServiceMetadata
		legacyEndpointContextSetter
		SetLogger
		OperationInputValidation
		spanInitializeEnd
	Serialize stack step
		spanBuildRequestStart
		stashOperationInput
		ResolveEndpoint
		setArnFieldName
		S3Control:ProcessOutpostIDMiddleware
		S3Control:ProcessARNResourceMiddleware
		InterceptBeforeSerialization
		OperationSerializer
		InterceptAfterSerialization
	Build stack step
		stashOperationInput
		ClientRequestID
		ComputeContentLength
		SetCredentialSourceMiddleware
		UserAgent
		AddTimeOffsetMiddleware
		RecursionDetection
		spanBuildRequestEnd
	Finalize stack step
		spanRetryLoop
		InterceptBeforeRetryLoop
		Retry
		InterceptAttempt
		RetryMetricsHeader
		ResolveAuthScheme
		GetIdentity
		ResolveEndpointV2
		S3ControlDisableHostPrefix
		disableHTTPS
		EndpointHostPrefix
		ComputePayloadHash
		SigV4ContentSHA256Header
		setLegacyContextSigningOptions
		InterceptBeforeSigning
		Signing
		InterceptAfterSigning
	Deserialize stack step
		AddRawResponseToMetadata
		ErrorCloseResponseBody
		CloseResponseBody
		ResponseErrorWrapper
		S3MetadataRetriever
		InterceptAfterDeserialization
		OperationDeserializer
		InterceptBeforeDeserialization
		AddTimeOffsetMiddleware
		RecordResponseTiming
		RequestResponseLogger
		InterceptTransmit
