StartLiveTail
	Initialize stack step
		spanInitializeStart
		RegisterServiceMetadata
		legacyEndpointContextSetter
		SetLogger
		OperationInputValidation
		spanInitializeEnd
	Serialize stack step
		spanBuildRequestStart
		setOperationInput
		ResolveEndpoint
		OperationSerializer
	Build stack step
		ClientRequestID
		ComputeContentLength
		UserAgent
		AddTimeOffsetMiddleware
		RecursionDetection
		spanBuildRequestEnd
	Finalize stack step
		ResolveAuthScheme
		GetIdentity
		ResolveEndpointV2
		disableHTTPS
		EndpointHostPrefix
		ComputePayloadHash
		spanRetryLoop
		Retry
		RetryMetricsHeader
		setLegacyContextSigningOptions
		Signing
	Deserialize stack step
		AddRawResponseToMetadata
		OperationEventStreamDeserializer
		ResponseErrorWrapper
		RequestIDRetriever
		OperationDeserializer
		AddTimeOffsetMiddleware
		RecordResponseTiming
		RequestResponseLogger
