PutBucketVersioning
	Initialize stack step
		spanInitializeStart
		AWSChecksum:SetupInputContext
		RegisterServiceMetadata
		legacyEndpointContextSetter
		S3Shared:ARNLookup
		SetLogger
		OperationInputValidation
		spanInitializeEnd
	Serialize stack step
		spanBuildRequestStart
		putBucketContext
		setOperationInput
		ResolveEndpoint
		S3:ProcessARNResource
		S3:ObjectLambdaEndpoint
		serializeImmutableHostnameBucket
		OperationSerializer
		S3:UpdateEndpoint
		S3:RemoveBucketFromPathMiddleware
		isExpressUserAgent
	Build stack step
		ClientRequestID
		ComputeContentLength
		AWSChecksum:RequestMetricsTracking
		UserAgent
		AddTimeOffsetMiddleware
		RecursionDetection
		spanBuildRequestEnd
	Finalize stack step
		DisableAcceptEncodingGzip
		spanRetryLoop
		Retry
		RetryMetricsHeader
		ResolveAuthScheme
		GetIdentity
		ResolveEndpointV2
		disableHTTPS
		expressDefaultChecksum
		AWSChecksum:ComputeInputPayloadChecksum
		ComputePayloadHash
		SigV4ContentSHA256Header
		setLegacyContextSigningOptions
		Signing
	Deserialize stack step
		AddRawResponseToMetadata
		ErrorCloseResponseBody
		CloseResponseBody
		ResponseErrorWrapper
		S3MetadataRetriever
		OperationDeserializer
		AddTimeOffsetMiddleware
		RecordResponseTiming
		RequestResponseLogger
