DeleteBucketMetadataConfiguration
	Initialize stack step
		spanInitializeStart
		InterceptExecution
		RegisterServiceMetadata
		legacyEndpointContextSetter
		S3Shared:ARNLookup
		SetLogger
		OperationInputValidation
		spanInitializeEnd
	Serialize stack step
		spanBuildRequestStart
		putBucketContext
		setOperationInput
		ResolveEndpoint
		S3:ProcessARNResource
		S3:ObjectLambdaEndpoint
		serializeImmutableHostnameBucket
		InterceptBeforeSerialization
		OperationSerializer
		InterceptAfterSerialization
		S3:UpdateEndpoint
		S3:RemoveBucketFromPathMiddleware
		isExpressUserAgent
	Build stack step
		ClientRequestID
		ComputeContentLength
		SetCredentialSourceMiddleware
		UserAgent
		AddTimeOffsetMiddleware
		RecursionDetection
		spanBuildRequestEnd
	Finalize stack step
		DisableAcceptEncodingGzip
		spanRetryLoop
		InterceptBeforeRetryLoop
		Retry
		InterceptAttempt
		RetryMetricsHeader
		ResolveAuthScheme
		GetIdentity
		ResolveEndpointV2
		disableHTTPS
		ComputePayloadHash
		SigV4ContentSHA256Header
		setLegacyContextSigningOptions
		InterceptBeforeSigning
		Signing
		InterceptAfterSigning
	Deserialize stack step
		AddRawResponseToMetadata
		ErrorCloseResponseBody
		CloseResponseBody
		ResponseErrorWrapper
		S3MetadataRetriever
		InterceptAfterDeserialization
		OperationDeserializer
		InterceptBeforeDeserialization
		AddTimeOffsetMiddleware
		RecordResponseTiming
		RequestResponseLogger
		InterceptTransmit
